
> carshowx@0.1.0 build
> next build

   ظû▓ Next.js 16.0.2 (Turbopack)
   - Environments: .env.local

   Creating an optimized production build ...
 ظ£ô Compiled successfully in 9.1s
   Running TypeScript ...
   Collecting page data ...
   Generating static pages (0/30) ...
   Generating static pages (7/30) 
   Generating static pages (14/30) 
   Generating static pages (22/30) 
 ظ£ô Generating static pages (30/30) in 1149.6ms
   Finalizing page optimization ...

Route (app)
ظ¤î ظùï /
ظ¤£ ظùï /_not-found
ظ¤£ ╞ْ /[locale]
ظ¤£ ╞ْ /[locale]/admin
ظ¤£ ╞ْ /[locale]/register
ظ¤£ ╞ْ /[locale]/terms
ظ¤£ ظùï /admin/cars
ظ¤£ ظùï /admin/create-admin
ظ¤£ ظùï /admin/dashboard
ظ¤£ ظùï /admin/events
ظ¤£ ظùï /admin/help
ظ¤£ ظùï /admin/login
ظ¤£ ظùï /admin/quick-setup
ظ¤£ ظùï /admin/setup
ظ¤£ ظùï /admin/test
ظ¤£ ظùï /admin/test-data
ظ¤£ ظùï /admin/test-login
ظ¤£ ظùï /admin/users
ظ¤£ ╞ْ /api/admin/auth/check
ظ¤£ ╞ْ /api/admin/auth/login
ظ¤£ ╞ْ /api/admin/auth/logout
ظ¤£ ╞ْ /api/admin/cars
ظ¤£ ╞ْ /api/admin/cars/update-status
ظ¤£ ╞ْ /api/admin/create-admin-user
ظ¤£ ╞ْ /api/admin/create-tables
ظ¤£ ╞ْ /api/admin/events
ظ¤£ ╞ْ /api/admin/events/action
ظ¤£ ╞ْ /api/admin/setup
ظ¤£ ╞ْ /api/admin/setup-simple
ظ¤£ ╞ْ /api/admin/test-data
ظ¤£ ╞ْ /api/admin/users
ظ¤¤ ╞ْ /api/admin/users/toggle-status


╞ْ Proxy (Middleware)

ظùï  (Static)   prerendered as static content
╞ْ  (Dynamic)  server-rendered on demand

